// Jest Snapshot v1, https://goo.gl/fbAQLP

exports[`allowJs should compile js file for allowJs true with incremental program 1`] = `
  ===[ FILE: test-allowJs.test.js ]===============================================
  "use strict";
  Object.defineProperty(exports, "__esModule", { value: true });
  exports.default = 42;
  //# sourceMappingURL=data:application/json;charset=utf-8;base64,eyJmaWxlIjoidGVzdC1hbGxvd0pzLnRlc3QuanMiLCJtYXBwaW5ncyI6Ijs7QUFBQSxrQkFBZSxFQUFFLENBQUEiLCJuYW1lcyI6W10sInNvdXJjZXMiOlsidGVzdC1hbGxvd0pzLnRlc3QuanMiXSwic291cmNlc0NvbnRlbnQiOlsiZXhwb3J0IGRlZmF1bHQgNDIiXSwidmVyc2lvbiI6M30=
  ===[ INLINE SOURCE MAPS ]=======================================================
  file: test-allowJs.test.js
  mappings: ';;AAAA,kBAAe,EAAE,CAAA'
  names: []
  sources:
    - test-allowJs.test.js
  sourcesContent:
    - export default 42
  version: 3
  ================================================================================
`;

exports[`allowJs should compile js file for allowJs true with normal program 1`] = `
  ===[ FILE: test-allowJs.test.js ]===============================================
  "use strict";
  Object.defineProperty(exports, "__esModule", { value: true });
  exports.default = 42;
  //# sourceMappingURL=data:application/json;charset=utf-8;base64,eyJmaWxlIjoidGVzdC1hbGxvd0pzLnRlc3QuanMiLCJtYXBwaW5ncyI6Ijs7QUFBQSxrQkFBZSxFQUFFLENBQUEiLCJuYW1lcyI6W10sInNvdXJjZXMiOlsidGVzdC1hbGxvd0pzLnRlc3QuanMiXSwic291cmNlc0NvbnRlbnQiOlsiZXhwb3J0IGRlZmF1bHQgNDIiXSwidmVyc2lvbiI6M30=
  ===[ INLINE SOURCE MAPS ]=======================================================
  file: test-allowJs.test.js
  mappings: ';;AAAA,kBAAe,EAAE,CAAA'
  names: []
  sources:
    - test-allowJs.test.js
  sourcesContent:
    - export default 42
  version: 3
  ================================================================================
`;

exports[`typings incremental program should report diagnostics with pathRegex config matches file name 1`] = `"test-typings.ts: Emit skipped"`;

exports[`typings normal program should report diagnostics with pathRegex config matches file name 1`] = `
"TypeScript diagnostics (customize using \`[jest-config].globals.ts-jest.diagnostics\` option):
test-typings.ts(3,7): error TS2322: Type 'number' is not assignable to type 'string'."
`;
