// Jest Snapshot v1, https://goo.gl/fbAQLP

exports[`AST transformers with extra options should pass using template "default" 1`] = `
Array [
  "[level:20] Dummy transformer with extra options {\\"foo\\":\\"bar\\"}",
]
`;

exports[`AST transformers with extra options should pass using template "with-babel-7" 1`] = `
Array [
  "[level:20] Dummy transformer with extra options {\\"foo\\":\\"bar\\"}",
]
`;

exports[`AST transformers with extra options should pass using template "with-babel-7-string-config" 1`] = `
Array [
  "[level:20] Dummy transformer with extra options {\\"foo\\":\\"bar\\"}",
]
`;
