// Jest Snapshot v1, https://goo.gl/fbAQLP

exports[`with composite project should pass using template "composite" 1`] = `
  √ jest --no-cache
  ↳ exit code: 0
  ===[ STDOUT ]===================================================================
  
  ===[ STDERR ]===================================================================
  PASS my-library packages/my-library/index.test.ts
  PASS my-app packages/my-app/main.test.ts
  
  Test Suites: 2 passed, 2 total
  Tests:       2 passed, 2 total
  Snapshots:   0 total
  Time:        XXs
  Ran all test suites in 2 projects.
  ================================================================================
`;
