// Jest Snapshot v1, https://goo.gl/fbAQLP

exports[`Code coverage should pass using template "default" 1`] = `
  √ jest
  ↳ exit code: 0
  ===[ STDOUT ]===================================================================
  ----------|---------|----------|---------|---------|-------------------
  File      | % Stmts | % Branch | % Funcs | % Lines | Uncovered Line #s 
  ----------|---------|----------|---------|---------|-------------------
  All files |   83.33 |      100 |   66.66 |      80 |                   
   Hello.ts |   83.33 |      100 |   66.66 |      80 | 5                 
  ----------|---------|----------|---------|---------|-------------------
  ===[ STDERR ]===================================================================
  PASS ./Hello.spec.ts
    Hello Class
      √ should create a new Hello
  
  Test Suites: 1 passed, 1 total
  Tests:       1 passed, 1 total
  Snapshots:   0 total
  Time:        XXs
  Ran all test suites.
  ================================================================================
`;

exports[`Code coverage should pass using template "with-babel-7" 1`] = `
  √ jest
  ↳ exit code: 0
  ===[ STDOUT ]===================================================================
  ----------|---------|----------|---------|---------|-------------------
  File      | % Stmts | % Branch | % Funcs | % Lines | Uncovered Line #s 
  ----------|---------|----------|---------|---------|-------------------
  All files |   83.33 |      100 |   66.66 |      80 |                   
   Hello.ts |   83.33 |      100 |   66.66 |      80 | 5                 
  ----------|---------|----------|---------|---------|-------------------
  ===[ STDERR ]===================================================================
  PASS ./Hello.spec.ts
    Hello Class
      √ should create a new Hello
  
  Test Suites: 1 passed, 1 total
  Tests:       1 passed, 1 total
  Snapshots:   0 total
  Time:        XXs
  Ran all test suites.
  ================================================================================
`;

exports[`Code coverage should pass using template "with-babel-7-string-config" 1`] = `
  √ jest
  ↳ exit code: 0
  ===[ STDOUT ]===================================================================
  ----------|---------|----------|---------|---------|-------------------
  File      | % Stmts | % Branch | % Funcs | % Lines | Uncovered Line #s 
  ----------|---------|----------|---------|---------|-------------------
  All files |   83.33 |      100 |   66.66 |      80 |                   
   Hello.ts |   83.33 |      100 |   66.66 |      80 | 5                 
  ----------|---------|----------|---------|---------|-------------------
  ===[ STDERR ]===================================================================
  PASS ./Hello.spec.ts
    Hello Class
      √ should create a new Hello
  
  Test Suites: 1 passed, 1 total
  Tests:       1 passed, 1 total
  Snapshots:   0 total
  Time:        XXs
  Ran all test suites.
  ================================================================================
`;
