// Jest Snapshot v1, https://goo.gl/fbAQLP

exports[`With isolatedModules enabled should pass using template "default" 1`] = `
  √ jest
  ↳ exit code: 0
  ===[ STDOUT ]===================================================================
  
  ===[ STDERR ]===================================================================
  PASS ./main.spec.ts
    √ should pass
  
  Test Suites: 1 passed, 1 total
  Tests:       1 passed, 1 total
  Snapshots:   0 total
  Time:        XXs
  Ran all test suites.
  ================================================================================
`;

exports[`With isolatedModules enabled should pass using template "with-babel-7" 1`] = `
  √ jest
  ↳ exit code: 0
  ===[ STDOUT ]===================================================================
  
  ===[ STDERR ]===================================================================
  PASS ./main.spec.ts
    √ should pass
  
  Test Suites: 1 passed, 1 total
  Tests:       1 passed, 1 total
  Snapshots:   0 total
  Time:        XXs
  Ran all test suites.
  ================================================================================
`;

exports[`With isolatedModules enabled should pass using template "with-typescript-2-7" 1`] = `
  √ jest
  ↳ exit code: 0
  ===[ STDOUT ]===================================================================
  
  ===[ STDERR ]===================================================================
  PASS ./main.spec.ts
    √ should pass
  
  Test Suites: 1 passed, 1 total
  Tests:       1 passed, 1 total
  Snapshots:   0 total
  Time:        XXs
  Ran all test suites.
  ================================================================================
`;
