// Jest Snapshot v1, https://goo.gl/fbAQLP

exports[`Path mapping with rootDirs should pass using template "default": with rootDirs 1`] = `
  √ jest --no-cache
  ↳ exit code: 0
  ===[ STDOUT ]===================================================================
  
  ===[ STDERR ]===================================================================
  PASS ./dynamic-import.spec.ts
  PASS ./direct-import.spec.ts
  PASS ./export.spec.ts
  PASS ./import-legacy.spec.ts
  PASS ./import-require.spec.ts
  PASS ./import-star.spec.ts
  PASS ./import-default.spec.ts
  PASS ./import-type.spec.ts
  
  Test Suites: 8 passed, 8 total
  Tests:       8 passed, 8 total
  Snapshots:   0 total
  Time:        XXs
  Ran all test suites.
  ================================================================================
`;

exports[`Path mapping with rootDirs should pass using template "with-babel-7": with rootDirs 1`] = `
  √ jest --no-cache
  ↳ exit code: 0
  ===[ STDOUT ]===================================================================
  
  ===[ STDERR ]===================================================================
  PASS ./dynamic-import.spec.ts
  PASS ./direct-import.spec.ts
  PASS ./export.spec.ts
  PASS ./import-legacy.spec.ts
  PASS ./import-require.spec.ts
  PASS ./import-star.spec.ts
  PASS ./import-default.spec.ts
  PASS ./import-type.spec.ts
  
  Test Suites: 8 passed, 8 total
  Tests:       8 passed, 8 total
  Snapshots:   0 total
  Time:        XXs
  Ran all test suites.
  ================================================================================
`;

exports[`Path mapping with rootDirs should pass using template "with-babel-7-string-config": with rootDirs 1`] = `
  √ jest --no-cache
  ↳ exit code: 0
  ===[ STDOUT ]===================================================================
  
  ===[ STDERR ]===================================================================
  PASS ./dynamic-import.spec.ts
  PASS ./direct-import.spec.ts
  PASS ./export.spec.ts
  PASS ./import-legacy.spec.ts
  PASS ./import-require.spec.ts
  PASS ./import-star.spec.ts
  PASS ./import-default.spec.ts
  PASS ./import-type.spec.ts
  
  Test Suites: 8 passed, 8 total
  Tests:       8 passed, 8 total
  Snapshots:   0 total
  Time:        XXs
  Ran all test suites.
  ================================================================================
`;

exports[`Path mapping without rootDirs should pass using template "default": without rootDirs 1`] = `
  √ jest --no-cache
  ↳ exit code: 0
  ===[ STDOUT ]===================================================================
  
  ===[ STDERR ]===================================================================
  PASS ./dynamic-import.spec.ts
  PASS ./direct-import.spec.ts
  PASS ./export.spec.ts
  PASS ./import-legacy.spec.ts
  PASS ./import-require.spec.ts
  PASS ./import-star.spec.ts
  PASS ./import-default.spec.ts
  PASS ./import-type.spec.ts
  
  Test Suites: 8 passed, 8 total
  Tests:       8 passed, 8 total
  Snapshots:   0 total
  Time:        XXs
  Ran all test suites.
  ================================================================================
`;

exports[`Path mapping without rootDirs should pass using template "with-babel-7": without rootDirs 1`] = `
  √ jest --no-cache
  ↳ exit code: 0
  ===[ STDOUT ]===================================================================
  
  ===[ STDERR ]===================================================================
  PASS ./dynamic-import.spec.ts
  PASS ./direct-import.spec.ts
  PASS ./export.spec.ts
  PASS ./import-legacy.spec.ts
  PASS ./import-require.spec.ts
  PASS ./import-star.spec.ts
  PASS ./import-default.spec.ts
  PASS ./import-type.spec.ts
  
  Test Suites: 8 passed, 8 total
  Tests:       8 passed, 8 total
  Snapshots:   0 total
  Time:        XXs
  Ran all test suites.
  ================================================================================
`;

exports[`Path mapping without rootDirs should pass using template "with-babel-7-string-config": without rootDirs 1`] = `
  √ jest --no-cache
  ↳ exit code: 0
  ===[ STDOUT ]===================================================================
  
  ===[ STDERR ]===================================================================
  PASS ./dynamic-import.spec.ts
  PASS ./direct-import.spec.ts
  PASS ./export.spec.ts
  PASS ./import-legacy.spec.ts
  PASS ./import-require.spec.ts
  PASS ./import-star.spec.ts
  PASS ./import-default.spec.ts
  PASS ./import-type.spec.ts
  
  Test Suites: 8 passed, 8 total
  Tests:       8 passed, 8 total
  Snapshots:   0 total
  Time:        XXs
  Ran all test suites.
  ================================================================================
`;
