// Jest Snapshot v1, https://goo.gl/fbAQLP

exports[`With unsupported version test should pass using template "with-unsupported-version" 1`] = `
  √ jest
  ↳ exit code: 0
  ===[ STDOUT ]===================================================================
  
  ===[ STDERR ]===================================================================
  ts-jest: Version 2.5.3 of typescript installed has not been tested with ts-jest. If you're experiencing issues, consider using a supported version (>=2.7.0 <4.0.0). Please do not report issues in ts-jest if you are using unsupported versions.
  PASS ./Hello.spec.ts
    Hello Class
      √ should create a new Hello
  
  Test Suites: 1 passed, 1 total
  Tests:       1 passed, 1 total
  Snapshots:   0 total
  Time:        XXs
  Ran all test suites.
  ================================================================================
`;
