// Jest Snapshot v1, https://goo.gl/fbAQLP

exports[`Debug output should create a debug file with the correct output if the flag is set 1`] = `
"[
  \\"Reading tsconfig file from path tsconfig.json\\"
]
[
  \\"Original typescript config before modifications: \\",
  {
    \\"target\\": 1,
    \\"module\\": 1,
    \\"moduleResolution\\": 2,
    \\"noEmitOnError\\": false,
    \\"jsx\\": 2,
    \\"allowJs\\": true,
    \\"inlineSourceMap\\": true,
    \\"inlineSources\\": true
  }
]
[
  \\"Reading tsconfig file from path tsconfig.json\\"
]
[
  \\"final compilerOptions:\\",
  {
    \\"target\\": 1,
    \\"module\\": 1,
    \\"moduleResolution\\": 2,
    \\"noEmitOnError\\": false,
    \\"jsx\\": 2,
    \\"allowJs\\": true,
    \\"inlineSourceMap\\": true,
    \\"inlineSources\\": true
  }
]
[
  \\"tsJestConfig: \\",
  {}
]
[
  \\"Using babel with options:\\",
  {
    \\"babelrc\\": false,
    \\"plugins\\": [],
    \\"presets\\": []
  }
]"
`;
