// Jest Snapshot v1, https://goo.gl/fbAQLP

exports[`Html transforms transforms html if config.globals.__TRANSFORM_HTML__ is set: module 1`] = `
"<div class=\\"html-test\\">
  <span class=\\"html-test__element\\">This is element</span>
  <code>This is a backtilt \`</code>
</div>"
`;

exports[`Html transforms transforms html if config.globals.__TRANSFORM_HTML__ is set: source 1`] = `"module.exports=\\"<div class=\\\\\\"html-test\\\\\\">\\\\n  <span class=\\\\\\"html-test__element\\\\\\">This is element</span>\\\\n  <code>This is a backtilt \`</code>\\\\n</div>\\";"`;

exports[`Html transforms transforms html if config.globals.__TRANSFORM_HTML__ is set: untransformed 1`] = `
"<div class=\\"html-test\\">
  <span class=\\"html-test__element\\">This is element</span>
  <code>This is a backtilt \`</code>
</div>"
`;
