// Jest Snapshot v1, https://goo.gl/fbAQLP

exports[`Typescript async coverage Should generate the correct async coverage numbers 1`] = `
"
=============================== Coverage summary ===============================
Statements   : 71.43% ( 10/14 )
Branches     : 33.33% ( 2/6 )
Functions    : 66.67% ( 4/6 )
Lines        : 66.67% ( 8/12 )
================================================================================
"
`;
