// Jest Snapshot v1, https://goo.gl/fbAQLP

exports[`parse tsconfig with comments new behaviour (tsConfigFile & tsConfig) should correctly read allow-comments.json 1`] = `
Object {
  "configFilePath": undefined,
  "declaration": false,
  "declarationMap": false,
  "emitDeclarationOnly": false,
  "inlineSourceMap": true,
  "inlineSources": true,
  "jsx": 2,
  "module": 1,
  "pretty": false,
}
`;

exports[`parse tsconfig with comments new behaviour (tsConfigFile & tsConfig) should correctly read allow-comments2.json 1`] = `
Object {
  "configFilePath": undefined,
  "declaration": false,
  "declarationMap": false,
  "emitDeclarationOnly": false,
  "inlineSourceMap": true,
  "inlineSources": true,
  "jsx": 2,
  "module": 1,
  "pretty": false,
}
`;
